
> test
> vitest run && vitest run tests/server


[1m[46m RUN [49m[22m [36mv4.0.16 [39m[90mC:/Users/dwigh/OpenFrontIO[39m

node.exe : 
At C:\Users\dwigh\AppData\Roaming\npm\npm.ps1:24 char:5
+     & "node$exe"  "$basedir/node_modules/npm/bin/npm-cli.js" $args
+     ~~~~~~~~~~~~~~~~~~~~~~~~~~~~~~~~~~~~~~~~~~~~~~~~~~~~~~~~~~~~~~
    + CategoryInfo          : NotSpecified: (:String) [], RemoteException
    + FullyQualifiedErrorId : NativeCommandError
 
[31mΓÄ»ΓÄ»ΓÄ»ΓÄ»ΓÄ»ΓÄ»[39m[1m[41m Failed Suites 75 
[49m[22m[31mΓÄ»ΓÄ»ΓÄ»ΓÄ»ΓÄ»ΓÄ»[39m

[41m[1m FAIL [22m[49m tests/AiAttackBehavior.test.ts[2m [ 
tests/AiAttackBehavior.test.ts ][22m
[41m[1m FAIL [22m[49m tests/AllianceAcceptNukes.test.ts[2m [ 
tests/AllianceAcceptNukes.test.ts ][22m
[41m[1m FAIL [22m[49m tests/AllianceDonation.test.ts[2m [ 
tests/AllianceDonation.test.ts ][22m
[41m[1m FAIL [22m[49m tests/AllianceExtensionExecution.test.ts[2m [ 
tests/AllianceExtensionExecution.test.ts ][22m
[41m[1m FAIL [22m[49m tests/AllianceRequestExecution.test.ts[2m [ 
tests/AllianceRequestExecution.test.ts ][22m
[41m[1m FAIL [22m[49m tests/Attack.test.ts[2m [ tests/Attack.test.ts 
][22m
[41m[1m FAIL [22m[49m tests/AttackStats.test.ts[2m [ 
tests/AttackStats.test.ts ][22m
[41m[1m FAIL [22m[49m tests/AutoUpgrade.test.ts[2m [ 
tests/AutoUpgrade.test.ts ][22m
[41m[1m FAIL [22m[49m tests/Colors.test.ts[2m [ tests/Colors.test.ts 
][22m
[41m[1m FAIL [22m[49m tests/DeleteUnitExecution.test.ts[2m [ 
tests/DeleteUnitExecution.test.ts ][22m
[41m[1m FAIL [22m[49m tests/Disconnected.test.ts[2m [ 
tests/Disconnected.test.ts ][22m
[41m[1m FAIL [22m[49m tests/GameInfoRanking.test.ts[2m [ 
tests/GameInfoRanking.test.ts ][22m
[41m[1m FAIL [22m[49m tests/InputHandler.test.ts[2m [ 
tests/InputHandler.test.ts ][22m
[41m[1m FAIL [22m[49m tests/MapManifestFlags.test.ts[2m [ 
tests/MapManifestFlags.test.ts ][22m
[41m[1m FAIL [22m[49m tests/MessageTypeClasses.test.ts[2m [ 
tests/MessageTypeClasses.test.ts ][22m
[41m[1m FAIL [22m[49m tests/MissileSilo.test.ts[2m [ 
tests/MissileSilo.test.ts ][22m
[41m[1m FAIL [22m[49m tests/NameLayer.test.ts[2m [ 
tests/NameLayer.test.ts ][22m
[41m[1m FAIL [22m[49m tests/NationAllianceBehavior.test.ts[2m [ 
tests/NationAllianceBehavior.test.ts ][22m
[41m[1m FAIL [22m[49m tests/NationCounterWarshipInfestation.test.ts[2m [ 
tests/NationCounterWarshipInfestation.test.ts ][22m
[41m[1m FAIL [22m[49m tests/NationNameLength.test.ts[2m [ 
tests/NationNameLength.test.ts ][22m
[41m[1m FAIL [22m[49m tests/NationNukeSamOverwhelm.test.ts[2m [ 
tests/NationNukeSamOverwhelm.test.ts ][22m
[41m[1m FAIL [22m[49m tests/NationStructureBehavior.test.ts[2m [ 
tests/NationStructureBehavior.test.ts ][22m
[41m[1m FAIL [22m[49m tests/PlayerInfo.test.ts[2m [ 
tests/PlayerInfo.test.ts ][22m
[41m[1m FAIL [22m[49m tests/PortExecution.test.ts[2m [ 
tests/PortExecution.test.ts ][22m
[41m[1m FAIL [22m[49m tests/Privilege.test.ts[2m [ 
tests/Privilege.test.ts ][22m
[41m[1m FAIL [22m[49m tests/radialMenuElements.test.ts[2m [ 
tests/radialMenuElements.test.ts ][22m
[41m[1m FAIL [22m[49m tests/ShellRandom.test.ts[2m [ 
tests/ShellRandom.test.ts ][22m
[41m[1m FAIL [22m[49m tests/Stats.test.ts[2m [ tests/Stats.test.ts ][22m
[41m[1m FAIL [22m[49m tests/StatsSchema.test.ts[2m [ 
tests/StatsSchema.test.ts ][22m
[41m[1m FAIL [22m[49m tests/Team.test.ts[2m [ tests/Team.test.ts ][22m
[41m[1m FAIL [22m[49m tests/TeamAssignment.test.ts[2m [ 
tests/TeamAssignment.test.ts ][22m
[41m[1m FAIL [22m[49m tests/UnitGrid.test.ts[2m [ tests/UnitGrid.test.ts 
][22m
[41m[1m FAIL [22m[49m tests/client/NewsMarkdown.test.ts[2m [ 
tests/client/NewsMarkdown.test.ts ][22m
[41m[1m FAIL [22m[49m tests/nukes/HydrogenAndMirv.test.ts[2m [ 
tests/nukes/HydrogenAndMirv.test.ts ][22m
[41m[1m FAIL [22m[49m tests/economy/ConstructionGold.test.ts[2m [ 
tests/economy/ConstructionGold.test.ts ][22m
[41m[1m FAIL [22m[49m tests/server/GameLifecycle.test.ts[2m [ 
tests/server/GameLifecycle.test.ts ][22m
[41m[1m FAIL [22m[49m tests/server/MasterLobbyServiceHealth.test.ts[2m [ 
tests/server/MasterLobbyServiceHealth.test.ts ][22m
[41m[1m FAIL [22m[49m tests/server/PollingLoop.test.ts[2m [ 
tests/server/PollingLoop.test.ts ][22m
[41m[1m FAIL [22m[49m tests/core/executions/NukeExecution.test.ts[2m [ 
tests/core/executions/NukeExecution.test.ts ][22m
[41m[1m FAIL [22m[49m tests/core/executions/PlayerExecution.test.ts[2m [ 
tests/core/executions/PlayerExecution.test.ts ][22m
[41m[1m FAIL [22m[49m tests/core/executions/TradeShipExecution.test.ts[2m 
[ tests/core/executions/TradeShipExecution.test.ts ][22m
[41m[1m FAIL [22m[49m tests/core/pathfinding/PathFinderStepper.test.ts[2m 
[ tests/core/pathfinding/PathFinderStepper.test.ts ][22m
[41m[1m FAIL [22m[49m tests/core/pathfinding/PathFinding.Air.test.ts[2m [ 
tests/core/pathfinding/PathFinding.Air.test.ts ][22m
[41m[1m FAIL [22m[49m tests/core/pathfinding/PathFinding.Rail.test.ts[2m 
[ tests/core/pathfinding/PathFinding.Rail.test.ts ][22m
[41m[1m FAIL [22m[49m tests/core/pathfinding/SpatialQuery.test.ts[2m [ 
tests/core/pathfinding/SpatialQuery.test.ts ][22m
[41m[1m FAIL [22m[49m 
tests/core/pathfinding/UniversalPathFinding.Parabola.test.ts[2m [ 
tests/core/pathfinding/UniversalPathFinding.Parabola.test.ts ][22m
[41m[1m FAIL [22m[49m tests/core/game/Cluster.test.ts[2m [ 
tests/core/game/Cluster.test.ts ][22m
[41m[1m FAIL [22m[49m tests/core/game/RailNetwork.test.ts[2m [ 
tests/core/game/RailNetwork.test.ts ][22m
[41m[1m FAIL [22m[49m tests/core/game/TrainStation.test.ts[2m [ 
tests/core/game/TrainStation.test.ts ][22m
[41m[1m FAIL [22m[49m tests/client/components/FluentSlider.test.ts[2m [ 
tests/client/components/FluentSlider.test.ts ][22m
[41m[1m FAIL [22m[49m 
tests/core/pathfinding/transformers/MiniMapTransformer.test.ts[2m [ 
tests/core/pathfinding/transformers/MiniMapTransformer.test.ts ][22m
[41m[1m FAIL [22m[49m 
tests/core/pathfinding/transformers/ShoreCoercingTransformer.test.ts[2m [ 
tests/core/pathfinding/transformers/ShoreCoercingTransformer.test.ts ][22m
[41m[1m FAIL [22m[49m 
tests/client/graphics/layers/EventDisplayAlliance.test.ts[2m [ 
tests/client/graphics/layers/EventDisplayAlliance.test.ts ][22m
[41m[1m FAIL [22m[49m 
tests/client/graphics/layers/EventsDisplay.test.ts[2m [ 
tests/client/graphics/layers/EventsDisplay.test.ts ][22m
[41m[1m FAIL [22m[49m 
tests/client/graphics/layers/PlayerPanelKick.test.ts[2m [ 
tests/client/graphics/layers/PlayerPanelKick.test.ts ][22m
[41m[1m FAIL [22m[49m tests/client/graphics/layers/WinModal.test.ts[2m [ 
tests/client/graphics/layers/WinModal.test.ts ][22m
[31m[1mError[22m: Failed to resolve import "vitest-canvas-mock" from 
"tests/setup.ts". Does the file exist?[39m
  Plugin: [35mvite:import-analysis[39m
  File: [36mC:/Users/dwigh/OpenFrontIO/tests/setup.ts[39m:2:7
[33m  1  |  "use strict";
  2  |  import "vitest-canvas-mock";
     |          ^
  3  |  [39m
[90m [2mΓ¥»[22m TransformPluginContext._formatLog 
node_modules/vite/dist/node/chunks/config.js:[2m28998:43[22m[39m
[90m [2mΓ¥»[22m TransformPluginContext.error 
node_modules/vite/dist/node/chunks/config.js:[2m28995:14[22m[39m
[90m [2mΓ¥»[22m normalizeUrl 
node_modules/vite/dist/node/chunks/config.js:[2m27118:18[22m[39m
[90m [2mΓ¥»[22m 
node_modules/vite/dist/node/chunks/config.js:[2m27176:32[22m[39m
[90m [2mΓ¥»[22m TransformPluginContext.transform 
node_modules/vite/dist/node/chunks/config.js:[2m27144:4[22m[39m
[90m [2mΓ¥»[22m EnvironmentPluginContainer.transform 
node_modules/vite/dist/node/chunks/config.js:[2m28796:14[22m[39m
[90m [2mΓ¥»[22m loadAndTransform 
node_modules/vite/dist/node/chunks/config.js:[2m22669:26[22m[39m
[90m [2mΓ¥»[22m fetchModule 
node_modules/vite/dist/node/chunks/config.js:[2m33992:15[22m[39m

[31m[2mΓÄ»ΓÄ»ΓÄ»ΓÄ»ΓÄ»ΓÄ»ΓÄ»ΓÄ»ΓÄ»ΓÄ»ΓÄ»ΓÄ»ΓÄ»ΓÄ»ΓÄ»ΓÄ»ΓÄ»ΓÄ»ΓÄ»ΓÄ»ΓÄ»ΓÄ»ΓÄ»[
1/75]ΓÄ»[22m[39m

[41m[1m FAIL [22m[49m tests/Censor.test.ts[2m [ tests/Censor.test.ts 
][22m
[41m[1m FAIL [22m[49m tests/Donate.test.ts[2m [ tests/Donate.test.ts 
][22m
[41m[1m FAIL [22m[49m tests/NationMIRV.test.ts[2m [ 
tests/NationMIRV.test.ts ][22m
[41m[1m FAIL [22m[49m tests/PlayerImpl.test.ts[2m [ 
tests/PlayerImpl.test.ts ][22m
[41m[1m FAIL [22m[49m tests/TerritoryCapture.test.ts[2m [ 
tests/TerritoryCapture.test.ts ][22m
[41m[1m FAIL [22m[49m tests/TranslationSystem.test.ts[2m [ 
tests/TranslationSystem.test.ts ][22m
[41m[1m FAIL [22m[49m tests/Warship.test.ts[2m [ tests/Warship.test.ts 
][22m
[41m[1m FAIL [22m[49m tests/client/LeaderboardModal.test.ts[2m [ 
tests/client/LeaderboardModal.test.ts ][22m
[41m[1m FAIL [22m[49m tests/core/execution/SpawnExecution.test.ts[2m [ 
tests/core/execution/SpawnExecution.test.ts ][22m
[41m[1m FAIL [22m[49m tests/core/executions/MIRVExecution.test.ts[2m [ 
tests/core/executions/MIRVExecution.test.ts ][22m
[41m[1m FAIL [22m[49m 
tests/core/executions/SAMLauncherExecution.test.ts[2m [ 
tests/core/executions/SAMLauncherExecution.test.ts ][22m
[41m[1m FAIL [22m[49m tests/core/executions/WinCheckExecution.test.ts[2m 
[ tests/core/executions/WinCheckExecution.test.ts ][22m
[41m[1m FAIL [22m[49m tests/core/pathfinding/PathFinding.Water.test.ts[2m 
[ tests/core/pathfinding/PathFinding.Water.test.ts ][22m
[41m[1m FAIL [22m[49m tests/core/pathfinding/WaterComponents.test.ts[2m [ 
tests/core/pathfinding/WaterComponents.test.ts ][22m
[41m[1m FAIL [22m[49m tests/core/game/GameImpl.test.ts[2m [ 
tests/core/game/GameImpl.test.ts ][22m
[41m[1m FAIL [22m[49m tests/client/graphics/ProgressBar.test.ts[2m [ 
tests/client/graphics/ProgressBar.test.ts ][22m
[41m[1m FAIL [22m[49m tests/client/graphics/RadialMenuElements.test.ts[2m 
[ tests/client/graphics/RadialMenuElements.test.ts ][22m
[41m[1m FAIL [22m[49m tests/client/graphics/UILayer.test.ts[2m [ 
tests/client/graphics/UILayer.test.ts ][22m
[41m[1m FAIL [22m[49m 
tests/core/pathfinding/transformers/ComponentCheckTransformer.test.ts[2m [ 
tests/core/pathfinding/transformers/ComponentCheckTransformer.test.ts ][22m
[31m[1mError[22m: Failed to resolve import "vitest-canvas-mock" from 
"tests/setup.ts". Does the file exist?[39m
  Plugin: [35mvite:import-analysis[39m
  File: [36mC:/Users/dwigh/OpenFrontIO/tests/setup.ts[39m:2:7
[33m  1  |  "use strict";
  2  |  import "vitest-canvas-mock";
     |          ^
  3  |  [39m
[90m [2mΓ¥»[22m TransformPluginContext._formatLog 
node_modules/vite/dist/node/chunks/config.js:[2m28998:43[22m[39m
[90m [2mΓ¥»[22m TransformPluginContext.error 
node_modules/vite/dist/node/chunks/config.js:[2m28995:14[22m[39m
[90m [2mΓ¥»[22m normalizeUrl 
node_modules/vite/dist/node/chunks/config.js:[2m27118:18[22m[39m
[90m [2mΓ¥»[22m 
node_modules/vite/dist/node/chunks/config.js:[2m27176:32[22m[39m
[90m [2mΓ¥»[22m TransformPluginContext.transform 
node_modules/vite/dist/node/chunks/config.js:[2m27144:4[22m[39m
[90m [2mΓ¥»[22m EnvironmentPluginContainer.transform 
node_modules/vite/dist/node/chunks/config.js:[2m28796:14[22m[39m
[90m [2mΓ¥»[22m loadAndTransform 
node_modules/vite/dist/node/chunks/config.js:[2m22669:26[22m[39m

[31m[2mΓÄ»ΓÄ»ΓÄ»ΓÄ»ΓÄ»ΓÄ»ΓÄ»ΓÄ»ΓÄ»ΓÄ»ΓÄ»ΓÄ»ΓÄ»ΓÄ»ΓÄ»ΓÄ»ΓÄ»ΓÄ»ΓÄ»ΓÄ»ΓÄ»ΓÄ»ΓÄ»[
2/75]ΓÄ»[22m[39m


[2m Test Files [22m [1m[31m75 failed[39m[22m[90m (75)[39m
[2m      Tests [22m [2mno tests[22m
[2m   Start at [22m 00:03:45
[2m   Duration [22m 24.43s[2m (transform 0ms, setup 0ms, import 0ms, tests 0ms, environment 201.75s)[22m

