// Vitest Snapshot v1, https://vitest.dev/guide/snapshot.html

exports[`nation gold per minute > world map, impossible nations, 20 minutes 1`] = `
{
  "aliveNations": 44,
  "perMinute": [
    {
      "cities": 0,
      "factories": 0,
      "minute": 1,
      "ports": 0,
      "shipsArrived": 0,
      "tradeGold": 0,
      "tradeShipsAtSea": 0,
      "trainGold": 0,
      "trainStops": 0,
      "trainsRunning": 0,
    },
    {
      "cities": 1,
      "factories": 0,
      "minute": 2,
      "ports": 0,
      "shipsArrived": 0,
      "tradeGold": 0,
      "tradeShipsAtSea": 0,
      "trainGold": 0,
      "trainStops": 0,
      "trainsRunning": 0,
    },
    {
      "cities": 60,
      "factories": 0,
      "minute": 3,
      "ports": 0,
      "shipsArrived": 0,
      "tradeGold": 0,
      "tradeShipsAtSea": 0,
      "trainGold": 0,
      "trainStops": 0,
      "trainsRunning": 0,
    },
    {
      "cities": 60,
      "factories": 0,
      "minute": 4,
      "ports": 3,
      "shipsArrived": 0,
      "tradeGold": 0,
      "tradeShipsAtSea": 0,
      "trainGold": 0,
      "trainStops": 0,
      "trainsRunning": 0,
    },
    {
      "cities": 61,
      "factories": 0,
      "minute": 5,
      "ports": 6,
      "shipsArrived": 4,
      "tradeGold": 151200,
      "tradeShipsAtSea": 16,
      "trainGold": 0,
      "trainStops": 0,
      "trainsRunning": 0,
    },
    {
      "cities": 65,
      "factories": 0,
      "minute": 6,
      "ports": 6,
      "shipsArrived": 0,
      "tradeGold": 0,
      "tradeShipsAtSea": 49,
      "trainGold": 0,
      "trainStops": 0,
      "trainsRunning": 0,
    },
    {
      "cities": 101,
      "factories": 0,
      "minute": 7,
      "ports": 9,
      "shipsArrived": 7,
      "tradeGold": 1080000,
      "tradeShipsAtSea": 80,
      "trainGold": 0,
      "trainStops": 0,
      "trainsRunning": 0,
    },
    {
      "cities": 103,
      "factories": 0,
      "minute": 8,
      "ports": 16,
      "shipsArrived": 15,
      "tradeGold": 3479000,
      "tradeShipsAtSea": 115,
      "trainGold": 0,
      "trainStops": 0,
      "trainsRunning": 0,
    },
    {
      "cities": 105,
      "factories": 6,
      "minute": 9,
      "ports": 43,
      "shipsArrived": 61,
      "tradeGold": 13400000,
      "tradeShipsAtSea": 196,
      "trainGold": 500000,
      "trainStops": 16,
      "trainsRunning": 35,
    },
    {
      "cities": 116,
      "factories": 8,
      "minute": 10,
      "ports": 46,
      "shipsArrived": 92,
      "tradeGold": 21160000,
      "tradeShipsAtSea": 295,
      "trainGold": 2520000,
      "trainStops": 66,
      "trainsRunning": 35,
    },
    {
      "cities": 127,
      "factories": 13,
      "minute": 11,
      "ports": 53,
      "shipsArrived": 172,
      "tradeGold": 38720000,
      "tradeShipsAtSea": 306,
      "trainGold": 4220000,
      "trainStops": 100,
      "trainsRunning": 56,
    },
    {
      "cities": 128,
      "factories": 14,
      "minute": 12,
      "ports": 60,
      "shipsArrived": 196,
      "tradeGold": 46270000,
      "tradeShipsAtSea": 322,
      "trainGold": 4620000,
      "trainStops": 118,
      "trainsRunning": 42,
    },
    {
      "cities": 131,
      "factories": 14,
      "minute": 13,
      "ports": 62,
      "shipsArrived": 199,
      "tradeGold": 41610000,
      "tradeShipsAtSea": 342,
      "trainGold": 4090000,
      "trainStops": 107,
      "trainsRunning": 49,
    },
    {
      "cities": 133,
      "factories": 15,
      "minute": 14,
      "ports": 64,
      "shipsArrived": 229,
      "tradeGold": 49070000,
      "tradeShipsAtSea": 337,
      "trainGold": 4740000,
      "trainStops": 118,
      "trainsRunning": 56,
    },
    {
      "cities": 133,
      "factories": 16,
      "minute": 15,
      "ports": 64,
      "shipsArrived": 213,
      "tradeGold": 46960000,
      "tradeShipsAtSea": 352,
      "trainGold": 3810000,
      "trainStops": 103,
      "trainsRunning": 35,
    },
    {
      "cities": 131,
      "factories": 14,
      "minute": 16,
      "ports": 64,
      "shipsArrived": 222,
      "tradeGold": 51280000,
      "tradeShipsAtSea": 355,
      "trainGold": 4290000,
      "trainStops": 101,
      "trainsRunning": 63,
    },
    {
      "cities": 130,
      "factories": 16,
      "minute": 17,
      "ports": 65,
      "shipsArrived": 216,
      "tradeGold": 47220000,
      "tradeShipsAtSea": 348,
      "trainGold": 6690000,
      "trainStops": 163,
      "trainsRunning": 84,
    },
    {
      "cities": 131,
      "factories": 17,
      "minute": 18,
      "ports": 65,
      "shipsArrived": 207,
      "tradeGold": 46310000,
      "tradeShipsAtSea": 350,
      "trainGold": 5670000,
      "trainStops": 151,
      "trainsRunning": 84,
    },
    {
      "cities": 131,
      "factories": 17,
      "minute": 19,
      "ports": 65,
      "shipsArrived": 205,
      "tradeGold": 48230000,
      "tradeShipsAtSea": 357,
      "trainGold": 4920000,
      "trainStops": 156,
      "trainsRunning": 70,
    },
    {
      "cities": 127,
      "factories": 17,
      "minute": 20,
      "ports": 66,
      "shipsArrived": 210,
      "tradeGold": 46790000,
      "tradeShipsAtSea": 373,
      "trainGold": 3270000,
      "trainStops": 111,
      "trainsRunning": 42,
    },
  ],
  "totals": {
    "shipsArrived": 2248,
    "tradeGold": 501700000,
    "trainGold": 49340000,
    "trainStops": 1310,
  },
}
`;
