// Vitest Snapshot v1, https://vitest.dev/guide/snapshot.html

exports[`nation gold per minute > world map, impossible nations, 20 minutes 1`] = `
{
  "aliveNations": 27,
  "perMinute": [
    {
      "cities": 0,
      "factories": 0,
      "minute": 1,
      "ports": 0,
      "shipsArrived": 0,
      "tradeGold": 0,
      "tradeShipsAtSea": 0,
      "trainGold": 0,
      "trainStops": 0,
      "trainsRunning": 0,
    },
    {
      "cities": 4,
      "factories": 0,
      "minute": 2,
      "ports": 0,
      "shipsArrived": 0,
      "tradeGold": 0,
      "tradeShipsAtSea": 0,
      "trainGold": 0,
      "trainStops": 0,
      "trainsRunning": 0,
    },
    {
      "cities": 57,
      "factories": 0,
      "minute": 3,
      "ports": 0,
      "shipsArrived": 0,
      "tradeGold": 0,
      "tradeShipsAtSea": 0,
      "trainGold": 0,
      "trainStops": 0,
      "trainsRunning": 0,
    },
    {
      "cities": 58,
      "factories": 0,
      "minute": 4,
      "ports": 8,
      "shipsArrived": 0,
      "tradeGold": 0,
      "tradeShipsAtSea": 18,
      "trainGold": 0,
      "trainStops": 0,
      "trainsRunning": 0,
    },
    {
      "cities": 58,
      "factories": 0,
      "minute": 5,
      "ports": 14,
      "shipsArrived": 6,
      "tradeGold": 1047000,
      "tradeShipsAtSea": 75,
      "trainGold": 0,
      "trainStops": 0,
      "trainsRunning": 0,
    },
    {
      "cities": 63,
      "factories": 2,
      "minute": 6,
      "ports": 19,
      "shipsArrived": 41,
      "tradeGold": 8733000,
      "tradeShipsAtSea": 110,
      "trainGold": 100000,
      "trainStops": 4,
      "trainsRunning": 0,
    },
    {
      "cities": 72,
      "factories": 4,
      "minute": 7,
      "ports": 25,
      "shipsArrived": 55,
      "tradeGold": 12890000,
      "tradeShipsAtSea": 147,
      "trainGold": 710000,
      "trainStops": 17,
      "trainsRunning": 14,
    },
    {
      "cities": 77,
      "factories": 5,
      "minute": 8,
      "ports": 27,
      "shipsArrived": 73,
      "tradeGold": 17870000,
      "tradeShipsAtSea": 193,
      "trainGold": 1220000,
      "trainStops": 34,
      "trainsRunning": 7,
    },
    {
      "cities": 81,
      "factories": 7,
      "minute": 9,
      "ports": 27,
      "shipsArrived": 80,
      "tradeGold": 20050000,
      "tradeShipsAtSea": 218,
      "trainGold": 730000,
      "trainStops": 29,
      "trainsRunning": 21,
    },
    {
      "cities": 86,
      "factories": 8,
      "minute": 10,
      "ports": 28,
      "shipsArrived": 107,
      "tradeGold": 27510000,
      "tradeShipsAtSea": 216,
      "trainGold": 770000,
      "trainStops": 37,
      "trainsRunning": 0,
    },
    {
      "cities": 83,
      "factories": 10,
      "minute": 11,
      "ports": 29,
      "shipsArrived": 102,
      "tradeGold": 27410000,
      "tradeShipsAtSea": 200,
      "trainGold": 1510000,
      "trainStops": 55,
      "trainsRunning": 21,
    },
    {
      "cities": 84,
      "factories": 10,
      "minute": 12,
      "ports": 33,
      "shipsArrived": 99,
      "tradeGold": 25800000,
      "tradeShipsAtSea": 226,
      "trainGold": 1470000,
      "trainStops": 67,
      "trainsRunning": 21,
    },
    {
      "cities": 87,
      "factories": 10,
      "minute": 13,
      "ports": 34,
      "shipsArrived": 104,
      "tradeGold": 26010000,
      "tradeShipsAtSea": 248,
      "trainGold": 1700000,
      "trainStops": 60,
      "trainsRunning": 14,
    },
    {
      "cities": 90,
      "factories": 11,
      "minute": 14,
      "ports": 37,
      "shipsArrived": 116,
      "tradeGold": 29500000,
      "tradeShipsAtSea": 265,
      "trainGold": 2280000,
      "trainStops": 78,
      "trainsRunning": 49,
    },
    {
      "cities": 92,
      "factories": 14,
      "minute": 15,
      "ports": 39,
      "shipsArrived": 127,
      "tradeGold": 32670000,
      "tradeShipsAtSea": 266,
      "trainGold": 2860000,
      "trainStops": 90,
      "trainsRunning": 49,
    },
    {
      "cities": 88,
      "factories": 13,
      "minute": 16,
      "ports": 39,
      "shipsArrived": 158,
      "tradeGold": 39400000,
      "tradeShipsAtSea": 255,
      "trainGold": 3080000,
      "trainStops": 86,
      "trainsRunning": 35,
    },
    {
      "cities": 90,
      "factories": 14,
      "minute": 17,
      "ports": 40,
      "shipsArrived": 127,
      "tradeGold": 30080000,
      "tradeShipsAtSea": 270,
      "trainGold": 2550000,
      "trainStops": 81,
      "trainsRunning": 28,
    },
    {
      "cities": 86,
      "factories": 12,
      "minute": 18,
      "ports": 41,
      "shipsArrived": 166,
      "tradeGold": 38260000,
      "tradeShipsAtSea": 296,
      "trainGold": 890000,
      "trainStops": 45,
      "trainsRunning": 35,
    },
    {
      "cities": 87,
      "factories": 18,
      "minute": 19,
      "ports": 40,
      "shipsArrived": 163,
      "tradeGold": 38280000,
      "tradeShipsAtSea": 315,
      "trainGold": 800000,
      "trainStops": 52,
      "trainsRunning": 56,
    },
    {
      "cities": 77,
      "factories": 18,
      "minute": 20,
      "ports": 40,
      "shipsArrived": 202,
      "tradeGold": 43690000,
      "tradeShipsAtSea": 296,
      "trainGold": 2570000,
      "trainStops": 105,
      "trainsRunning": 56,
    },
  ],
  "totals": {
    "shipsArrived": 1726,
    "tradeGold": 419200000,
    "trainGold": 23240000,
    "trainStops": 840,
  },
}
`;
