// Vitest Snapshot v1, https://vitest.dev/guide/snapshot.html

exports[`nation gold per minute > world map, impossible nations, 20 minutes 1`] = `
{
  "aliveNations": 39,
  "perMinute": [
    {
      "cities": 0,
      "factories": 0,
      "minute": 1,
      "ports": 0,
      "shipsArrived": 0,
      "tradeGold": 0,
      "tradeShipsAtSea": 0,
      "trainGold": 0,
      "trainStops": 0,
      "trainsRunning": 0,
    },
    {
      "cities": 2,
      "factories": 0,
      "minute": 2,
      "ports": 0,
      "shipsArrived": 0,
      "tradeGold": 0,
      "tradeShipsAtSea": 0,
      "trainGold": 0,
      "trainStops": 0,
      "trainsRunning": 0,
    },
    {
      "cities": 60,
      "factories": 0,
      "minute": 3,
      "ports": 0,
      "shipsArrived": 0,
      "tradeGold": 0,
      "tradeShipsAtSea": 0,
      "trainGold": 0,
      "trainStops": 0,
      "trainsRunning": 0,
    },
    {
      "cities": 60,
      "factories": 0,
      "minute": 4,
      "ports": 0,
      "shipsArrived": 0,
      "tradeGold": 0,
      "tradeShipsAtSea": 0,
      "trainGold": 0,
      "trainStops": 0,
      "trainsRunning": 0,
    },
    {
      "cities": 63,
      "factories": 0,
      "minute": 5,
      "ports": 10,
      "shipsArrived": 1,
      "tradeGold": 147500,
      "tradeShipsAtSea": 28,
      "trainGold": 0,
      "trainStops": 0,
      "trainsRunning": 0,
    },
    {
      "cities": 66,
      "factories": 2,
      "minute": 6,
      "ports": 12,
      "shipsArrived": 9,
      "tradeGold": 1482000,
      "tradeShipsAtSea": 81,
      "trainGold": 0,
      "trainStops": 0,
      "trainsRunning": 0,
    },
    {
      "cities": 71,
      "factories": 2,
      "minute": 7,
      "ports": 19,
      "shipsArrived": 26,
      "tradeGold": 5298000,
      "tradeShipsAtSea": 121,
      "trainGold": 250000,
      "trainStops": 13,
      "trainsRunning": 7,
    },
    {
      "cities": 79,
      "factories": 2,
      "minute": 8,
      "ports": 29,
      "shipsArrived": 58,
      "tradeGold": 15030000,
      "tradeShipsAtSea": 146,
      "trainGold": 260000,
      "trainStops": 14,
      "trainsRunning": 14,
    },
    {
      "cities": 84,
      "factories": 3,
      "minute": 9,
      "ports": 33,
      "shipsArrived": 63,
      "tradeGold": 15170000,
      "tradeShipsAtSea": 198,
      "trainGold": 420000,
      "trainStops": 18,
      "trainsRunning": 7,
    },
    {
      "cities": 86,
      "factories": 4,
      "minute": 10,
      "ports": 35,
      "shipsArrived": 93,
      "tradeGold": 23070000,
      "tradeShipsAtSea": 206,
      "trainGold": 400000,
      "trainStops": 18,
      "trainsRunning": 21,
    },
    {
      "cities": 98,
      "factories": 8,
      "minute": 11,
      "ports": 45,
      "shipsArrived": 92,
      "tradeGold": 24310000,
      "tradeShipsAtSea": 225,
      "trainGold": 2380000,
      "trainStops": 56,
      "trainsRunning": 56,
    },
    {
      "cities": 99,
      "factories": 9,
      "minute": 12,
      "ports": 47,
      "shipsArrived": 104,
      "tradeGold": 28560000,
      "tradeShipsAtSea": 254,
      "trainGold": 3890000,
      "trainStops": 75,
      "trainsRunning": 77,
    },
    {
      "cities": 104,
      "factories": 11,
      "minute": 13,
      "ports": 50,
      "shipsArrived": 116,
      "tradeGold": 30120000,
      "tradeShipsAtSea": 245,
      "trainGold": 7010000,
      "trainStops": 145,
      "trainsRunning": 63,
    },
    {
      "cities": 104,
      "factories": 13,
      "minute": 14,
      "ports": 51,
      "shipsArrived": 134,
      "tradeGold": 34400000,
      "tradeShipsAtSea": 260,
      "trainGold": 4340000,
      "trainStops": 105,
      "trainsRunning": 35,
    },
    {
      "cities": 105,
      "factories": 17,
      "minute": 15,
      "ports": 51,
      "shipsArrived": 131,
      "tradeGold": 35220000,
      "tradeShipsAtSea": 247,
      "trainGold": 4060000,
      "trainStops": 114,
      "trainsRunning": 91,
    },
    {
      "cities": 112,
      "factories": 18,
      "minute": 16,
      "ports": 56,
      "shipsArrived": 102,
      "tradeGold": 25600000,
      "tradeShipsAtSea": 258,
      "trainGold": 2540000,
      "trainStops": 83,
      "trainsRunning": 21,
    },
    {
      "cities": 113,
      "factories": 18,
      "minute": 17,
      "ports": 58,
      "shipsArrived": 135,
      "tradeGold": 33910000,
      "tradeShipsAtSea": 299,
      "trainGold": 1050000,
      "trainStops": 65,
      "trainsRunning": 14,
    },
    {
      "cities": 104,
      "factories": 19,
      "minute": 18,
      "ports": 56,
      "shipsArrived": 165,
      "tradeGold": 39930000,
      "tradeShipsAtSea": 265,
      "trainGold": 1520000,
      "trainStops": 98,
      "trainsRunning": 63,
    },
    {
      "cities": 99,
      "factories": 20,
      "minute": 19,
      "ports": 53,
      "shipsArrived": 124,
      "tradeGold": 31320000,
      "tradeShipsAtSea": 277,
      "trainGold": 2000000,
      "trainStops": 106,
      "trainsRunning": 77,
    },
    {
      "cities": 94,
      "factories": 21,
      "minute": 20,
      "ports": 56,
      "shipsArrived": 148,
      "tradeGold": 36640000,
      "tradeShipsAtSea": 287,
      "trainGold": 1710000,
      "trainStops": 101,
      "trainsRunning": 98,
    },
  ],
  "totals": {
    "shipsArrived": 1501,
    "tradeGold": 380200000,
    "trainGold": 31830000,
    "trainStops": 1011,
  },
}
`;
