// Vitest Snapshot v1, https://vitest.dev/guide/snapshot.html

exports[`trade ship golden values > tradeShipGold: distance sweep 1`] = `
{
  "dist=0": 9n,
  "dist=10": 512n,
  "dist=100": 5185n,
  "dist=1000": 124999n,
  "dist=150": 8324n,
  "dist=1500": 150000n,
  "dist=200": 13556n,
  "dist=2000": 175000n,
  "dist=250": 26181n,
  "dist=300": 52500n,
  "dist=350": 78818n,
  "dist=400": 91443n,
  "dist=50": 2541n,
  "dist=500": 99814n,
  "dist=5000": 325000n,
  "dist=750": 112499n,
}
`;

exports[`trade ship golden values > tradeShipGold: gold multipliers 1`] = `
{
  "hostCheat=5 creator dist=500": 499072n,
  "hostCheat=5 non-creator dist=500": 99814n,
  "mult=0.5 dist=100": 2592n,
  "mult=0.5 dist=2000": 87500n,
  "mult=0.5 dist=500": 49907n,
  "mult=10 dist=100": 51854n,
  "mult=10 dist=2000": 1750000n,
  "mult=10 dist=500": 998145n,
  "mult=2 dist=100": 10370n,
  "mult=2 dist=2000": 350000n,
  "mult=2 dist=500": 199629n,
}
`;

exports[`trade ship golden values > tradeShipSaturation: fleet-size sweep 1`] = `
{
  "ships=0": 3.938,
  "ships=100": 2.168,
  "ships=150": 1.653,
  "ships=200": 1.253,
  "ships=25": 3.362,
  "ships=250": 0.9157,
  "ships=300": 0.6231,
  "ships=400": 0.2214,
  "ships=50": 2.887,
  "ships=500": 0.06156,
  "ships=700": 0.003925,
}
`;

exports[`trade ship golden values > tradeShipSpawnRate: rejections × active trade ships grid 1`] = `
{
  "rejections=0 ships=0": 25,
  "rejections=0 ships=10": 27,
  "rejections=0 ships=100": 46,
  "rejections=0 ships=1000": 1637319,
  "rejections=0 ships=200": 79,
  "rejections=0 ships=300": 160,
  "rejections=0 ships=400": 451,
  "rejections=0 ships=50": 34,
  "rejections=0 ships=500": 1624,
  "rejections=0 ships=700": 25476,
  "rejections=1 ships=0": 12,
  "rejections=1 ships=10": 13,
  "rejections=1 ships=100": 23,
  "rejections=1 ships=1000": 818659,
  "rejections=1 ships=200": 39,
  "rejections=1 ships=300": 80,
  "rejections=1 ships=400": 225,
  "rejections=1 ships=50": 17,
  "rejections=1 ships=500": 812,
  "rejections=1 ships=700": 12738,
  "rejections=10 ships=0": 2,
  "rejections=10 ships=10": 2,
  "rejections=10 ships=100": 4,
  "rejections=10 ships=1000": 148847,
  "rejections=10 ships=200": 7,
  "rejections=10 ships=300": 14,
  "rejections=10 ships=400": 41,
  "rejections=10 ships=50": 3,
  "rejections=10 ships=500": 147,
  "rejections=10 ships=700": 2316,
  "rejections=2 ships=0": 8,
  "rejections=2 ships=10": 9,
  "rejections=2 ships=100": 15,
  "rejections=2 ships=1000": 545773,
  "rejections=2 ships=200": 26,
  "rejections=2 ships=300": 53,
  "rejections=2 ships=400": 150,
  "rejections=2 ships=50": 11,
  "rejections=2 ships=500": 541,
  "rejections=2 ships=700": 8492,
  "rejections=5 ships=0": 4,
  "rejections=5 ships=10": 4,
  "rejections=5 ships=100": 7,
  "rejections=5 ships=1000": 272886,
  "rejections=5 ships=200": 13,
  "rejections=5 ships=300": 26,
  "rejections=5 ships=400": 75,
  "rejections=5 ships=50": 5,
  "rejections=5 ships=500": 270,
  "rejections=5 ships=700": 4246,
  "rejections=50 ships=0": 1,
  "rejections=50 ships=10": 1,
  "rejections=50 ships=100": 1,
  "rejections=50 ships=1000": 32104,
  "rejections=50 ships=200": 1,
  "rejections=50 ships=300": 3,
  "rejections=50 ships=400": 8,
  "rejections=50 ships=50": 1,
  "rejections=50 ships=500": 31,
  "rejections=50 ships=700": 499,
}
`;

exports[`train golden values > trainGold: gold multipliers 1`] = `
{
  "hostCheat=5 creator rel=self": 50000n,
  "hostCheat=5 non-creator rel=self": 10000n,
  "mult=0.5 rel=other": 12500n,
  "mult=0.5 rel=self": 5000n,
  "mult=10 rel=other": 250000n,
  "mult=10 rel=self": 100000n,
  "mult=2 rel=other": 50000n,
  "mult=2 rel=self": 20000n,
}
`;

exports[`train golden values > trainGold: relationship × trade stops grid 1`] = `
{
  "rel=ally stops=0": 35000n,
  "rel=ally stops=1": 35000n,
  "rel=ally stops=10": 30000n,
  "rel=ally stops=11": 25000n,
  "rel=ally stops=12": 20000n,
  "rel=ally stops=13": 15000n,
  "rel=ally stops=14": 10000n,
  "rel=ally stops=15": 5000n,
  "rel=ally stops=20": 5000n,
  "rel=ally stops=5": 35000n,
  "rel=ally stops=50": 5000n,
  "rel=ally stops=9": 35000n,
  "rel=other stops=0": 25000n,
  "rel=other stops=1": 25000n,
  "rel=other stops=10": 20000n,
  "rel=other stops=11": 15000n,
  "rel=other stops=12": 10000n,
  "rel=other stops=13": 5000n,
  "rel=other stops=14": 5000n,
  "rel=other stops=15": 5000n,
  "rel=other stops=20": 5000n,
  "rel=other stops=5": 25000n,
  "rel=other stops=50": 5000n,
  "rel=other stops=9": 25000n,
  "rel=self stops=0": 10000n,
  "rel=self stops=1": 10000n,
  "rel=self stops=10": 5000n,
  "rel=self stops=11": 5000n,
  "rel=self stops=12": 5000n,
  "rel=self stops=13": 5000n,
  "rel=self stops=14": 5000n,
  "rel=self stops=15": 5000n,
  "rel=self stops=20": 5000n,
  "rel=self stops=5": 10000n,
  "rel=self stops=50": 5000n,
  "rel=self stops=9": 10000n,
  "rel=team stops=0": 25000n,
  "rel=team stops=1": 25000n,
  "rel=team stops=10": 20000n,
  "rel=team stops=11": 15000n,
  "rel=team stops=12": 10000n,
  "rel=team stops=13": 5000n,
  "rel=team stops=14": 5000n,
  "rel=team stops=15": 5000n,
  "rel=team stops=20": 5000n,
  "rel=team stops=5": 25000n,
  "rel=team stops=50": 5000n,
  "rel=team stops=9": 25000n,
}
`;

exports[`train golden values > trainSaturation: global train sweep 1`] = `
{
  "trainUnits=0": 1.969,
  "trainUnits=1200": 0.01539,
  "trainUnits=140": 1.259,
  "trainUnits=250": 1.033,
  "trainUnits=35": 1.713,
  "trainUnits=400": 0.8285,
  "trainUnits=600": 0.5034,
  "trainUnits=7": 1.912,
  "trainUnits=70": 1.519,
  "trainUnits=800": 0.2003,
}
`;

exports[`train golden values > trainSpawnRate: factory count × global trains grid 1`] = `
{
  "factories=0 trainUnits=0": 76,
  "factories=0 trainUnits=250": 145,
  "factories=0 trainUnits=600": 297,
  "factories=1 trainUnits=0": 83,
  "factories=1 trainUnits=250": 159,
  "factories=1 trainUnits=600": 327,
  "factories=10 trainUnits=0": 152,
  "factories=10 trainUnits=250": 290,
  "factories=10 trainUnits=600": 595,
  "factories=100 trainUnits=0": 837,
  "factories=100 trainUnits=250": 1596,
  "factories=100 trainUnits=600": 3277,
  "factories=2 trainUnits=0": 91,
  "factories=2 trainUnits=250": 174,
  "factories=2 trainUnits=600": 357,
  "factories=20 trainUnits=0": 228,
  "factories=20 trainUnits=250": 435,
  "factories=20 trainUnits=600": 893,
  "factories=5 trainUnits=0": 114,
  "factories=5 trainUnits=250": 217,
  "factories=5 trainUnits=600": 446,
  "factories=50 trainUnits=0": 457,
  "factories=50 trainUnits=250": 871,
  "factories=50 trainUnits=600": 1787,
  "factories=500 trainUnits=0": 3884,
  "factories=500 trainUnits=250": 7404,
  "factories=500 trainUnits=600": 15197,
}
`;
