// Vitest Snapshot v1, https://vitest.dev/guide/snapshot.html

exports[`trade ship golden values > tradeShipGold: distance sweep 1`] = `
{
  "dist=0": 9n,
  "dist=10": 512n,
  "dist=100": 5185n,
  "dist=1000": 124999n,
  "dist=150": 8324n,
  "dist=1500": 150000n,
  "dist=200": 13556n,
  "dist=2000": 175000n,
  "dist=250": 26181n,
  "dist=300": 52500n,
  "dist=350": 78818n,
  "dist=400": 91443n,
  "dist=50": 2541n,
  "dist=500": 99814n,
  "dist=5000": 325000n,
  "dist=750": 112499n,
}
`;

exports[`trade ship golden values > tradeShipGold: gold multipliers 1`] = `
{
  "hostCheat=5 creator dist=500": 499072n,
  "hostCheat=5 non-creator dist=500": 99814n,
  "mult=0.5 dist=100": 2592n,
  "mult=0.5 dist=2000": 87500n,
  "mult=0.5 dist=500": 49907n,
  "mult=10 dist=100": 51854n,
  "mult=10 dist=2000": 1750000n,
  "mult=10 dist=500": 998145n,
  "mult=2 dist=100": 10370n,
  "mult=2 dist=2000": 350000n,
  "mult=2 dist=500": 199629n,
}
`;

exports[`trade ship golden values > tradeShipSaturation: fleet-size sweep 1`] = `
{
  "ships=0": 1.782,
  "ships=100": 1.294,
  "ships=1000": 0.05001,
  "ships=150": 1.136,
  "ships=1500": 0.001938,
  "ships=200": 0.9881,
  "ships=25": 1.626,
  "ships=250": 0.8269,
  "ships=300": 0.6421,
  "ships=400": 0.2826,
  "ships=50": 1.497,
  "ships=500": 0.225,
  "ships=700": 0.1671,
  "ships=800": 0.1251,
}
`;

exports[`trade ship golden values > tradeShipSpawnRate: rejections × active trade ships grid 1`] = `
{
  "rejections=0 ships=0": 56,
  "rejections=0 ships=10": 58,
  "rejections=0 ships=100": 77,
  "rejections=0 ships=1000": 1999,
  "rejections=0 ships=200": 101,
  "rejections=0 ships=300": 155,
  "rejections=0 ships=400": 353,
  "rejections=0 ships=50": 66,
  "rejections=0 ships=500": 444,
  "rejections=0 ships=700": 598,
  "rejections=1 ships=0": 28,
  "rejections=1 ships=10": 29,
  "rejections=1 ships=100": 38,
  "rejections=1 ships=1000": 999,
  "rejections=1 ships=200": 50,
  "rejections=1 ships=300": 77,
  "rejections=1 ships=400": 176,
  "rejections=1 ships=50": 33,
  "rejections=1 ships=500": 222,
  "rejections=1 ships=700": 299,
  "rejections=10 ships=0": 5,
  "rejections=10 ships=10": 5,
  "rejections=10 ships=100": 7,
  "rejections=10 ships=1000": 181,
  "rejections=10 ships=200": 9,
  "rejections=10 ships=300": 14,
  "rejections=10 ships=400": 32,
  "rejections=10 ships=50": 6,
  "rejections=10 ships=500": 40,
  "rejections=10 ships=700": 54,
  "rejections=2 ships=0": 18,
  "rejections=2 ships=10": 19,
  "rejections=2 ships=100": 25,
  "rejections=2 ships=1000": 666,
  "rejections=2 ships=200": 33,
  "rejections=2 ships=300": 51,
  "rejections=2 ships=400": 117,
  "rejections=2 ships=50": 22,
  "rejections=2 ships=500": 148,
  "rejections=2 ships=700": 199,
  "rejections=5 ships=0": 9,
  "rejections=5 ships=10": 9,
  "rejections=5 ships=100": 12,
  "rejections=5 ships=1000": 333,
  "rejections=5 ships=200": 16,
  "rejections=5 ships=300": 25,
  "rejections=5 ships=400": 58,
  "rejections=5 ships=50": 11,
  "rejections=5 ships=500": 74,
  "rejections=5 ships=700": 99,
  "rejections=50 ships=0": 1,
  "rejections=50 ships=10": 1,
  "rejections=50 ships=100": 1,
  "rejections=50 ships=1000": 39,
  "rejections=50 ships=200": 1,
  "rejections=50 ships=300": 3,
  "rejections=50 ships=400": 6,
  "rejections=50 ships=50": 1,
  "rejections=50 ships=500": 8,
  "rejections=50 ships=700": 11,
}
`;

exports[`train golden values > trainGold: gold multipliers 1`] = `
{
  "hostCheat=5 creator rel=self": 50000n,
  "hostCheat=5 non-creator rel=self": 10000n,
  "mult=0.5 rel=other": 12500n,
  "mult=0.5 rel=self": 5000n,
  "mult=10 rel=other": 250000n,
  "mult=10 rel=self": 100000n,
  "mult=2 rel=other": 50000n,
  "mult=2 rel=self": 20000n,
}
`;

exports[`train golden values > trainGold: relationship × trade stops grid 1`] = `
{
  "rel=ally stops=0": 35000n,
  "rel=ally stops=1": 35000n,
  "rel=ally stops=10": 30000n,
  "rel=ally stops=11": 25000n,
  "rel=ally stops=12": 20000n,
  "rel=ally stops=13": 15000n,
  "rel=ally stops=14": 10000n,
  "rel=ally stops=15": 5000n,
  "rel=ally stops=20": 5000n,
  "rel=ally stops=5": 35000n,
  "rel=ally stops=50": 5000n,
  "rel=ally stops=9": 35000n,
  "rel=other stops=0": 25000n,
  "rel=other stops=1": 25000n,
  "rel=other stops=10": 20000n,
  "rel=other stops=11": 15000n,
  "rel=other stops=12": 10000n,
  "rel=other stops=13": 5000n,
  "rel=other stops=14": 5000n,
  "rel=other stops=15": 5000n,
  "rel=other stops=20": 5000n,
  "rel=other stops=5": 25000n,
  "rel=other stops=50": 5000n,
  "rel=other stops=9": 25000n,
  "rel=self stops=0": 10000n,
  "rel=self stops=1": 10000n,
  "rel=self stops=10": 5000n,
  "rel=self stops=11": 5000n,
  "rel=self stops=12": 5000n,
  "rel=self stops=13": 5000n,
  "rel=self stops=14": 5000n,
  "rel=self stops=15": 5000n,
  "rel=self stops=20": 5000n,
  "rel=self stops=5": 10000n,
  "rel=self stops=50": 5000n,
  "rel=self stops=9": 10000n,
  "rel=team stops=0": 25000n,
  "rel=team stops=1": 25000n,
  "rel=team stops=10": 20000n,
  "rel=team stops=11": 15000n,
  "rel=team stops=12": 10000n,
  "rel=team stops=13": 5000n,
  "rel=team stops=14": 5000n,
  "rel=team stops=15": 5000n,
  "rel=team stops=20": 5000n,
  "rel=team stops=5": 25000n,
  "rel=team stops=50": 5000n,
  "rel=team stops=9": 25000n,
}
`;

exports[`train golden values > trainSaturation: global train sweep 1`] = `
{
  "trainUnits=0": 1.764,
  "trainUnits=1200": 0.05,
  "trainUnits=140": 0.9555,
  "trainUnits=1600": 0.00947,
  "trainUnits=250": 0.8957,
  "trainUnits=35": 1.217,
  "trainUnits=400": 0.752,
  "trainUnits=600": 0.4311,
  "trainUnits=7": 1.599,
  "trainUnits=70": 1.043,
  "trainUnits=800": 0.1593,
  "trainUnits=900": 0.125,
}
`;

exports[`train golden values > trainSpawnRate: factory count × global trains grid 1`] = `
{
  "factories=0 trainUnits=0": 85,
  "factories=0 trainUnits=300": 174,
  "factories=0 trainUnits=35": 123,
  "factories=1 trainUnits=0": 93,
  "factories=1 trainUnits=300": 192,
  "factories=1 trainUnits=35": 135,
  "factories=10 trainUnits=0": 170,
  "factories=10 trainUnits=300": 349,
  "factories=10 trainUnits=35": 246,
  "factories=100 trainUnits=0": 935,
  "factories=100 trainUnits=300": 1922,
  "factories=100 trainUnits=35": 1355,
  "factories=2 trainUnits=0": 102,
  "factories=2 trainUnits=300": 209,
  "factories=2 trainUnits=35": 147,
  "factories=20 trainUnits=0": 255,
  "factories=20 trainUnits=300": 524,
  "factories=20 trainUnits=35": 369,
  "factories=5 trainUnits=0": 127,
  "factories=5 trainUnits=300": 262,
  "factories=5 trainUnits=35": 184,
  "factories=50 trainUnits=0": 510,
  "factories=50 trainUnits=300": 1048,
  "factories=50 trainUnits=35": 739,
  "factories=500 trainUnits=0": 4337,
  "factories=500 trainUnits=300": 8911,
  "factories=500 trainUnits=35": 6285,
}
`;
