// Vitest Snapshot v1, https://vitest.dev/guide/snapshot.html

exports[`trade ship golden values > tradeShipGold: distance sweep 1`] = `
{
  "dist=0": 9n,
  "dist=10": 512n,
  "dist=100": 5185n,
  "dist=1000": 124999n,
  "dist=150": 8324n,
  "dist=1500": 150000n,
  "dist=200": 13556n,
  "dist=2000": 175000n,
  "dist=250": 26181n,
  "dist=300": 52500n,
  "dist=350": 78818n,
  "dist=400": 91443n,
  "dist=50": 2541n,
  "dist=500": 99814n,
  "dist=5000": 325000n,
  "dist=750": 112499n,
}
`;

exports[`trade ship golden values > tradeShipGold: gold multipliers 1`] = `
{
  "hostCheat=5 creator dist=500": 499072n,
  "hostCheat=5 non-creator dist=500": 99814n,
  "mult=0.5 dist=100": 2592n,
  "mult=0.5 dist=2000": 87500n,
  "mult=0.5 dist=500": 49907n,
  "mult=10 dist=100": 51854n,
  "mult=10 dist=2000": 1750000n,
  "mult=10 dist=500": 998145n,
  "mult=2 dist=100": 10370n,
  "mult=2 dist=2000": 350000n,
  "mult=2 dist=500": 199629n,
}
`;

exports[`trade ship golden values > tradeShipSaturation: fleet-size sweep 1`] = `
{
  "ships=0": 3.938,
  "ships=100": 1.399,
  "ships=150": 1.063,
  "ships=200": 0.8632,
  "ships=25": 2.841,
  "ships=250": 0.6879,
  "ships=300": 0.5064,
  "ships=400": 0.2004,
  "ships=50": 2.142,
  "ships=500": 0.05884,
  "ships=700": 0.003891,
}
`;

exports[`trade ship golden values > tradeShipSpawnRate: rejections × active trade ships grid 1`] = `
{
  "rejections=0 ships=0": 25,
  "rejections=0 ships=10": 29,
  "rejections=0 ships=100": 71,
  "rejections=0 ships=1000": 1638499,
  "rejections=0 ships=200": 115,
  "rejections=0 ships=300": 197,
  "rejections=0 ships=400": 498,
  "rejections=0 ships=50": 46,
  "rejections=0 ships=500": 1699,
  "rejections=0 ships=700": 25699,
  "rejections=1 ships=0": 12,
  "rejections=1 ships=10": 14,
  "rejections=1 ships=100": 35,
  "rejections=1 ships=1000": 819249,
  "rejections=1 ships=200": 57,
  "rejections=1 ships=300": 98,
  "rejections=1 ships=400": 249,
  "rejections=1 ships=50": 23,
  "rejections=1 ships=500": 849,
  "rejections=1 ships=700": 12849,
  "rejections=10 ships=0": 2,
  "rejections=10 ships=10": 2,
  "rejections=10 ships=100": 6,
  "rejections=10 ships=1000": 148954,
  "rejections=10 ships=200": 10,
  "rejections=10 ships=300": 17,
  "rejections=10 ships=400": 45,
  "rejections=10 ships=50": 4,
  "rejections=10 ships=500": 154,
  "rejections=10 ships=700": 2336,
  "rejections=2 ships=0": 8,
  "rejections=2 ships=10": 9,
  "rejections=2 ships=100": 23,
  "rejections=2 ships=1000": 546166,
  "rejections=2 ships=200": 38,
  "rejections=2 ships=300": 65,
  "rejections=2 ships=400": 166,
  "rejections=2 ships=50": 15,
  "rejections=2 ships=500": 566,
  "rejections=2 ships=700": 8566,
  "rejections=5 ships=0": 4,
  "rejections=5 ships=10": 4,
  "rejections=5 ships=100": 11,
  "rejections=5 ships=1000": 273083,
  "rejections=5 ships=200": 19,
  "rejections=5 ships=300": 32,
  "rejections=5 ships=400": 83,
  "rejections=5 ships=50": 7,
  "rejections=5 ships=500": 283,
  "rejections=5 ships=700": 4283,
  "rejections=50 ships=0": 1,
  "rejections=50 ships=10": 1,
  "rejections=50 ships=100": 1,
  "rejections=50 ships=1000": 32127,
  "rejections=50 ships=200": 2,
  "rejections=50 ships=300": 3,
  "rejections=50 ships=400": 9,
  "rejections=50 ships=50": 1,
  "rejections=50 ships=500": 33,
  "rejections=50 ships=700": 503,
}
`;

exports[`train golden values > trainGold: gold multipliers 1`] = `
{
  "hostCheat=5 creator rel=self": 50000n,
  "hostCheat=5 non-creator rel=self": 10000n,
  "mult=0.5 rel=other": 12500n,
  "mult=0.5 rel=self": 5000n,
  "mult=10 rel=other": 250000n,
  "mult=10 rel=self": 100000n,
  "mult=2 rel=other": 50000n,
  "mult=2 rel=self": 20000n,
}
`;

exports[`train golden values > trainGold: relationship × trade stops grid 1`] = `
{
  "rel=ally stops=0": 35000n,
  "rel=ally stops=1": 35000n,
  "rel=ally stops=10": 30000n,
  "rel=ally stops=11": 25000n,
  "rel=ally stops=12": 20000n,
  "rel=ally stops=13": 15000n,
  "rel=ally stops=14": 10000n,
  "rel=ally stops=15": 5000n,
  "rel=ally stops=20": 5000n,
  "rel=ally stops=5": 35000n,
  "rel=ally stops=50": 5000n,
  "rel=ally stops=9": 35000n,
  "rel=other stops=0": 25000n,
  "rel=other stops=1": 25000n,
  "rel=other stops=10": 20000n,
  "rel=other stops=11": 15000n,
  "rel=other stops=12": 10000n,
  "rel=other stops=13": 5000n,
  "rel=other stops=14": 5000n,
  "rel=other stops=15": 5000n,
  "rel=other stops=20": 5000n,
  "rel=other stops=5": 25000n,
  "rel=other stops=50": 5000n,
  "rel=other stops=9": 25000n,
  "rel=self stops=0": 10000n,
  "rel=self stops=1": 10000n,
  "rel=self stops=10": 5000n,
  "rel=self stops=11": 5000n,
  "rel=self stops=12": 5000n,
  "rel=self stops=13": 5000n,
  "rel=self stops=14": 5000n,
  "rel=self stops=15": 5000n,
  "rel=self stops=20": 5000n,
  "rel=self stops=5": 10000n,
  "rel=self stops=50": 5000n,
  "rel=self stops=9": 10000n,
  "rel=team stops=0": 25000n,
  "rel=team stops=1": 25000n,
  "rel=team stops=10": 20000n,
  "rel=team stops=11": 15000n,
  "rel=team stops=12": 10000n,
  "rel=team stops=13": 5000n,
  "rel=team stops=14": 5000n,
  "rel=team stops=15": 5000n,
  "rel=team stops=20": 5000n,
  "rel=team stops=5": 25000n,
  "rel=team stops=50": 5000n,
  "rel=team stops=9": 25000n,
}
`;

exports[`train golden values > trainSaturation: global train sweep 1`] = `
{
  "trainUnits=0": 1.882,
  "trainUnits=1200": 0.003891,
  "trainUnits=140": 0.9417,
  "trainUnits=250": 0.7503,
  "trainUnits=35": 1.443,
  "trainUnits=400": 0.5006,
  "trainUnits=600": 0.2,
  "trainUnits=7": 1.774,
  "trainUnits=70": 1.191,
  "trainUnits=800": 0.05882,
}
`;

exports[`train golden values > trainSpawnRate: factory count × global trains grid 1`] = `
{
  "factories=0 trainUnits=0": 79,
  "factories=0 trainUnits=120": 151,
  "factories=0 trainUnits=400": 299,
  "factories=1 trainUnits=0": 87,
  "factories=1 trainUnits=120": 166,
  "factories=1 trainUnits=400": 329,
  "factories=10 trainUnits=0": 159,
  "factories=10 trainUnits=120": 302,
  "factories=10 trainUnits=400": 599,
  "factories=100 trainUnits=0": 876,
  "factories=100 trainUnits=120": 1661,
  "factories=100 trainUnits=400": 3295,
  "factories=2 trainUnits=0": 95,
  "factories=2 trainUnits=120": 181,
  "factories=2 trainUnits=400": 359,
  "factories=20 trainUnits=0": 239,
  "factories=20 trainUnits=120": 453,
  "factories=20 trainUnits=400": 898,
  "factories=5 trainUnits=0": 119,
  "factories=5 trainUnits=120": 226,
  "factories=5 trainUnits=400": 449,
  "factories=50 trainUnits=0": 478,
  "factories=50 trainUnits=120": 906,
  "factories=50 trainUnits=400": 1797,
  "factories=500 trainUnits=0": 4064,
  "factories=500 trainUnits=120": 7705,
  "factories=500 trainUnits=400": 15280,
}
`;
